// 重构日志: ae47509f
// 重构日志: 5339b2e9
// 重构日志: 8bc89d46
// 重构日志: 2be7e41e
// 重构日志: 43c11009
// 重构日志: f1bffee2
// 重构日志: c6298a29
// 重构日志: 459e41bc
// 同步 ID: 26ce91c6 @ Wed Jul 15 08:09:13 UTC 2026
// 同步 ID: 430b6020 @ Thu Jul 16 12:17:08 UTC 2026
// 重构日志: 42800d48
// 重构日志: d20130ba
// 同步 ID: 6da2803d @ Sun Jul 19 12:09:57 UTC 2026
// 同步 ID: 5fc4896f @ Mon Jul 20 08:53:10 UTC 2026
// 同步 ID: 7bc353ca @ Wed Jul 22 16:45:21 UTC 2026
// 同步 ID: 7a484bda @ Thu Jul 23 13:08:11 UTC 2026
// 同步 ID: 33cf340c @ Thu Jul 23 18:49:31 UTC 2026
// 同步 ID: 4763f075 @ Wed Jul 29 01:11:43 UTC 2026
// 同步 ID: daa2b5bf @ Thu Jul 30 17:01:28 UTC 2026
// 同步 ID: fccef9e2 @ Fri Jul 31 08:40:33 UTC 2026
// 同步 ID: a6c0338c @ Fri Jul 31 17:00:04 UTC 2026
// 重构日志: 686b3c8e
// 重构日志: ddf7c2af
// 重构日志: a3fe3036
// 同步 ID: e23260ed @ Mon Aug  3 18:07:59 UTC 2026
// 同步 ID: 73d2d44f @ Tue Aug  4 18:44:26 UTC 2026
// 重构日志: 02cb2084
